
  .   ____          _            __ _ _
 /\\ / ___'_ __ _ _(_)_ __  __ _ \ \ \ \
( ( )\___ | '_ | '_| | '_ \/ _` | \ \ \ \
 \\/  ___)| |_)| | | | | || (_| |  ) ) ) )
  '  |____| .__|_| |_|_| |_\__, | / / / /
 =========|_|==============|___/=/_/_/_/
 :: Spring Boot ::               (v2.7.18)

2026-08-29 19:29:11.144  INFO 26968 --- [           main] com.dbagent.DbAgentApplication           : Starting DbAgentApplication v0.1.0 using Java 17.0.20 on YounSeoJin-DESKTOP with PID 26968 (C:\AI-Projects\DBAgent-Java-AIX\target\dbagent-java-0.1.0.jar started by À±¼­Áø in C:\AI-Projects\DBAgent-Java-AIX)
2026-08-29 19:29:11.148  INFO 26968 --- [           main] com.dbagent.DbAgentApplication           : No active profile set, falling back to 1 default profile: "default"
2026-08-29 19:29:12.020  INFO 26968 --- [           main] o.s.b.w.embedded.tomcat.TomcatWebServer  : Tomcat initialized with port(s): 8007 (http)
2026-08-29 19:29:12.027  INFO 26968 --- [           main] o.apache.catalina.core.StandardService   : Starting service [Tomcat]
2026-08-29 19:29:12.027  INFO 26968 --- [           main] org.apache.catalina.core.StandardEngine  : Starting Servlet engine: [Apache Tomcat/9.0.83]
2026-08-29 19:29:12.085  INFO 26968 --- [           main] o.a.c.c.C.[Tomcat].[localhost].[/]       : Initializing Spring embedded WebApplicationContext
2026-08-29 19:29:12.085  INFO 26968 --- [           main] w.s.c.ServletWebServerApplicationContext : Root WebApplicationContext: initialization completed in 894 ms
2026-08-29 19:29:12.181  INFO 26968 --- [           main] com.zaxxer.hikari.HikariDataSource       : HikariPool-1 - Starting...
2026-08-29 19:29:12.424  INFO 26968 --- [           main] com.zaxxer.hikari.HikariDataSource       : HikariPool-1 - Start completed.
2026-08-29 19:29:12.654  INFO 26968 --- [           main] o.s.b.a.w.s.WelcomePageHandlerMapping    : Adding welcome page: class path resource [static/index.html]
2026-08-29 19:29:12.865  INFO 26968 --- [           main] o.s.b.w.embedded.tomcat.TomcatWebServer  : Tomcat started on port(s): 8007 (http) with context path ''
2026-08-29 19:29:12.874  INFO 26968 --- [           main] com.dbagent.DbAgentApplication           : Started DbAgentApplication in 2.055 seconds (JVM running for 2.312)
2026-08-29 19:29:16.211  INFO 26968 --- [nio-8007-exec-2] o.a.c.c.C.[Tomcat].[localhost].[/]       : Initializing Spring DispatcherServlet 'dispatcherServlet'
2026-08-29 19:29:16.211  INFO 26968 --- [nio-8007-exec-2] o.s.web.servlet.DispatcherServlet        : Initializing Servlet 'dispatcherServlet'
2026-08-29 19:29:16.212  INFO 26968 --- [nio-8007-exec-2] o.s.web.servlet.DispatcherServlet        : Completed initialization in 1 ms
2026-08-29 19:29:20.646  INFO 26968 --- [pool-1-thread-1] com.zaxxer.hikari.HikariDataSource       : oracle-patent_integ_1 - Starting...
2026-08-29 19:29:20.647  INFO 26968 --- [pool-1-thread-1] com.zaxxer.hikari.HikariDataSource       : oracle-patent_integ_1 - Start completed.
2026-08-29 19:29:20.648  INFO 26968 --- [pool-1-thread-2] com.zaxxer.hikari.HikariDataSource       : oracle-patent_integ_2 - Starting...
2026-08-29 19:29:20.648  INFO 26968 --- [pool-1-thread-3] com.zaxxer.hikari.HikariDataSource       : oracle-patent_search_1 - Starting...
2026-08-29 19:29:20.648  INFO 26968 --- [pool-1-thread-2] com.zaxxer.hikari.HikariDataSource       : oracle-patent_integ_2 - Start completed.
2026-08-29 19:29:20.648  INFO 26968 --- [pool-1-thread-4] com.zaxxer.hikari.HikariDataSource       : oracle-patent_search_2 - Starting...
2026-08-29 19:29:20.649  INFO 26968 --- [pool-1-thread-5] com.zaxxer.hikari.HikariDataSource       : oracle-patent_portal_1 - Starting...
2026-08-29 19:29:20.649  INFO 26968 --- [pool-1-thread-3] com.zaxxer.hikari.HikariDataSource       : oracle-patent_search_1 - Start completed.
2026-08-29 19:29:20.649  INFO 26968 --- [pool-1-thread-5] com.zaxxer.hikari.HikariDataSource       : oracle-patent_portal_1 - Start completed.
2026-08-29 19:29:20.649  INFO 26968 --- [pool-1-thread-6] com.zaxxer.hikari.HikariDataSource       : oracle-patent_portal_2 - Starting...
2026-08-29 19:29:20.649  INFO 26968 --- [pool-1-thread-4] com.zaxxer.hikari.HikariDataSource       : oracle-patent_search_2 - Start completed.
2026-08-29 19:29:20.651  INFO 26968 --- [pool-1-thread-7] com.zaxxer.hikari.HikariDataSource       : oracle-ORCL9_ID - Starting...
2026-08-29 19:29:20.651  INFO 26968 --- [pool-1-thread-8] com.zaxxer.hikari.HikariDataSource       : oracle-ORCL10_ID - Starting...
2026-08-29 19:29:20.651  INFO 26968 --- [pool-1-thread-6] com.zaxxer.hikari.HikariDataSource       : oracle-patent_portal_2 - Start completed.
2026-08-29 19:29:20.651  INFO 26968 --- [pool-1-thread-7] com.zaxxer.hikari.HikariDataSource       : oracle-ORCL9_ID - Start completed.
2026-08-29 19:29:20.652  INFO 26968 --- [pool-1-thread-8] com.zaxxer.hikari.HikariDataSource       : oracle-ORCL10_ID - Start completed.
2026-08-29 19:29:22.310  INFO 26968 --- [nio-8007-exec-9] com.zaxxer.hikari.HikariDataSource       : oracle-default - Starting...
2026-08-29 19:29:22.311  INFO 26968 --- [nio-8007-exec-9] com.zaxxer.hikari.HikariDataSource       : oracle-default - Start completed.
