
  .   ____          _            __ _ _
 /\\ / ___'_ __ _ _(_)_ __  __ _ \ \ \ \
( ( )\___ | '_ | '_| | '_ \/ _` | \ \ \ \
 \\/  ___)| |_)| | | | | || (_| |  ) ) ) )
  '  |____| .__|_| |_|_| |_\__, | / / / /
 =========|_|==============|___/=/_/_/_/
 :: Spring Boot ::               (v2.7.18)

2026-08-24 08:43:24.154  INFO 3796 --- [           main] com.dbagent.DbAgentApplication           : Starting DbAgentApplication v0.1.0 using Java 17.0.20 on ±â¹Ý-À±ÀÎ¼ö with PID 3796 (C:\AI-PROJECTS\DBAgent-Java-AIX\dist\dbagent-java-0.1.0.jar started by À±ÀÎ¼ö in C:\AI-PROJECTS\DBAgent-Java-AIX\dist)
2026-08-24 08:43:24.156  INFO 3796 --- [           main] com.dbagent.DbAgentApplication           : No active profile set, falling back to 1 default profile: "default"
2026-08-24 08:43:25.325  INFO 3796 --- [           main] o.s.b.w.embedded.tomcat.TomcatWebServer  : Tomcat initialized with port(s): 8006 (http)
2026-08-24 08:43:25.368  INFO 3796 --- [           main] o.apache.catalina.core.StandardService   : Starting service [Tomcat]
2026-08-24 08:43:25.369  INFO 3796 --- [           main] org.apache.catalina.core.StandardEngine  : Starting Servlet engine: [Apache Tomcat/9.0.83]
2026-08-24 08:43:25.435  INFO 3796 --- [           main] o.a.c.c.C.[Tomcat].[localhost].[/]       : Initializing Spring embedded WebApplicationContext
2026-08-24 08:43:25.444  INFO 3796 --- [           main] w.s.c.ServletWebServerApplicationContext : Root WebApplicationContext: initialization completed in 1236 ms
2026-08-24 08:43:25.569  INFO 3796 --- [           main] com.zaxxer.hikari.HikariDataSource       : HikariPool-1 - Starting...
2026-08-24 08:43:25.873  INFO 3796 --- [           main] com.zaxxer.hikari.HikariDataSource       : HikariPool-1 - Start completed.
2026-08-24 08:43:26.157  INFO 3796 --- [           main] o.s.b.a.w.s.WelcomePageHandlerMapping    : Adding welcome page: class path resource [static/index.html]
2026-08-24 08:43:26.359  INFO 3796 --- [           main] o.s.b.w.embedded.tomcat.TomcatWebServer  : Tomcat started on port(s): 8006 (http) with context path ''
2026-08-24 08:43:26.367  INFO 3796 --- [           main] com.dbagent.DbAgentApplication           : Started DbAgentApplication in 2.64 seconds (JVM running for 3.058)
2026-08-24 08:43:32.503  INFO 3796 --- [nio-8006-exec-2] o.a.c.c.C.[Tomcat].[localhost].[/]       : Initializing Spring DispatcherServlet 'dispatcherServlet'
2026-08-24 08:43:32.505  INFO 3796 --- [nio-8006-exec-2] o.s.web.servlet.DispatcherServlet        : Initializing Servlet 'dispatcherServlet'
2026-08-24 08:43:32.508  INFO 3796 --- [nio-8006-exec-2] o.s.web.servlet.DispatcherServlet        : Completed initialization in 1 ms
2026-08-24 08:43:39.421  INFO 3796 --- [nio-8006-exec-9] com.zaxxer.hikari.HikariDataSource       : oracle-default - Starting...
2026-08-24 08:43:39.422  INFO 3796 --- [nio-8006-exec-9] com.zaxxer.hikari.HikariDataSource       : oracle-default - Start completed.
2026-08-24 08:43:39.521  INFO 3796 --- [nio-8006-exec-1] com.zaxxer.hikari.HikariDataSource       : oracle-patent_integ_1 - Starting...
2026-08-24 08:43:39.522  INFO 3796 --- [nio-8006-exec-1] com.zaxxer.hikari.HikariDataSource       : oracle-patent_integ_1 - Start completed.
